[   ..000000] Initializing cgroup subsys cpuset
[    0.000000] Initializing cgroup subsys cpu
[    0.000000] Initializing cgroup subsys cpuacct
[    0.000000] Linux version 4.4.0-116-generic (buildd@lgw01-amd64-021) (gcc version 5.4.0 20160609 (Ubuntu 5.4.0-6ubuntu1~16.04.9) ) #140-Ubuntu SMP Mon Feb 12 21:23:04 UTC 2018 (Ubuntu 4.4.0-116.140-generic 4.4.98)
[    0.000000] Command line: BOOT_IMAGE=/boot/vmlinuz-4.4.0-116-generic root=LABEL=cloudimg-rootfs ro console=tty1 console=ttyS0
[    0.000000] KERNEL supported cpus:
[    0.000000]   Intel GenuineIntel
[    0.000000]   AMD AuthenticAMD
[    0.000000]   Centaur CentaurHauls
[    0.000000] x86/fpu: xstate_offset[2]:  576, xstate_sizes[2]:  256
[    0.000000] x86/fpu: Supporting XSAVE feature 0x01: 'x87 floating point registers'
[    0.000000] x86/fpu: Supporting XSAVE feature 0x02: 'SSE registers'
[    0.000000] x86/fpu: Supporting XSAVE feature 0x04: 'AVX registers'
[    0.000000] x86/fpu: Enabled xstate features 0x7, context size is 832 bytes, using 'standard' format.
[    0.000000] x86/fpu: Using 'lazy' FPU context witches.
[    0.000000] e820: BIOS-provided physical RAM map:
[    0.000000] BIOS-e820: [mmem 0x0000000000000000-0x000000000009fbff] usable
[    0.000000] BIOS-e820: [mem 0x000000000009fc00-0x000000000009ffff] reserved
[    0.000000] BIOS-e820: [mem 0x00000000000f0000-0x00000000000fffff] reserved
[    0.000000] BIOS-e820: [mem 0x0000000000100000-0x000000003ffeffff] usable
[    0.000000] BIOS-e820: [mem 0x000000003fff0000-0x000000003fffffff] ACPI data
[    0.000000] BIOS-e820: [mem 0x00000000fec00000-0x00000000fec00fff] reserved
[    0.000000] BIOS-e820: [mem 0x00000000fee00000-0x00000000fee00fff] reserved
[    0.000000] BIOS-e820: [mem 0x00000000fffc0000-0x00000000ffffffff] reserved
[    0.000000] NX (Execute Disable) protection: active
[    0.000000] SMBIOS 2.5 present.
[    0.000000] Hypervisor detected: KVM
[    0.000000] e820: last_pfn = 0x3fff0 max_arch_pfn = 0x400000000
[    0.000000] MTRR: Disabled
[    0.000000] x86/PAT: MTRRs disabled, skipping PAT initialization too.
[    0.000000] CPU MTRRs all blank - virtualized system.
[    0.000000] x86/PAT: Configuration [0-7]: WB  WT  UC- UC  WB  WT  UC- UC  
[    0.000000] found SMP MP-table at [mem 0x0009fff0-0x0009ffff] mapped at [ffff88000009fff0]
[    0.000000] Scanning 1 areas for low memory corruption
[    0.000000] RAMDISK: [mem 0x36ac2000-0x37558fff]
[    0.000000] ACPI: Early table checksum verification disabled
[    0.000000] ACPI: RSDP 0x00000000000E0000 000024 (v02 VBOX  )
[    0.000000] ACPI: XSDT 0x000000003FFF0030 00003C (v01 VBOX   VBOXXSDT 00000001 ASL  00000061)
[    0.000000] ACPI: FACP 0x000000003FFF00F0 0000F4 (v04 VBOX   VBOXFACP 00000001 ASL  00000061)
[    0.000000] ACPI: DSDT 0x000000003FFF0470 0021FF (v02 VBOX   VBOXBIOS 00000002 INTL 20180105)
[    0.000000] ACPI: FACS 0x000000003FFF0200 000040
[    0.000000] ACPI: FACS 0x000000003FFF0200 000040
[    0.000000] ACPI: APIC 0x000000003FFF0240 000054 (v02 VBOX   VBOXAPIC 00000001 ASL  00000061)
[    0.000000] ACPI: SSDT 0x000000003FFF02A0 0001CC (v01 VBOX   VBOXCPUT 00000002 INTL 20180105)
[    0.000000] No NUMA configuration found
[    0.000000] Faking a node at [mem 0x0000000000000000-0x000000003ffeffff]
[    0.000000] NODE_DATA(0) allocated [mem 0x3ffeb000-0x3ffeffff]
[    0.000000] kvm-clock: Using msrs 4b564d01 and 4b564d00
[    0.000000] kvm-clock: cpu 0, msr 0:3ffe3001, primary cpu clock
[    0.000000] kvm-clock: using sched offset of 3466714392 cycles
[    0.000000] clocksource: kvm-clock: mask: 0xffffffffffffffff max_cycles: 0x1cd42e4dffb, max_idle_ns: 881590591483 ns
[    0.000000] Zone ranges:
[    0.000000]   DMA      [mem 0x0000000000001000-0x0000000000ffffff]
[    0.000000]   DMA32    [mem 0x0000000001000000-0x000000003ffeffff]
[    0.000000]   Normal   empty
[    0.000000]   Device   empty
[    0.000000] Movable zone start for each node
[    0.000000] Early memory node ranges
[    0.000000]   node   0: [mem 0x0000000000001000-0x000000000009efff]
[    0.000000]   node   0: [mem 0x0000000000100000-0x000000003ffeffff]
[    0.000000] Initmem setup node 0 [mem 0x0000000000001000-0x000000003ffeffff]
[    0.000000] ACPI: PM-Timer IO Port: 0x4008
[    0.000000] IOAPIC[0]: apic_id 1, version 32, address 0xfec00000, GSI 0-23
[    0.000000] ACPI: INT_SRC_OVR (bus 0 bus_irq 0 global_irq 2 dfl dfl)
[    0.000000] ACPI: INT_SRC_OVR (bus 0 bus_irq 9 global_irq 9 low level)
[    0.000000] Using ACPI (MADT) for SMP configuration information
[    0.000000] smpboot: Allowing 1 CPUs, 0 hotplug CPUs
[    0.000000] PM: Registered nosave memory: [mem 0x00000000-0x00000fff]
[    0.000000] PM: Registered nosave memory: [mem 0x0009f000-0x0009ffff]
[    0.000000] PM: Registered nosave memory: [mem 0x000a0000-0x000effff]
[    0.000000] PM: Registered nosave memory: [mem 0x000f0000-0x000fffff]
[    0.000000] e820: [mem 0x40000000-0xfebfffff] available for PCI devices
[    0.000000] Booting paravirtualized kernel on KVM
[    0.000000] clocksource: refined-jiffies: mask: 0xffffffff max_cycles: 0xffffffff, max_idle_ns: 7645519600211568 ns
[    0.000000] setup_percpu: NR_CPUS:512 nr_cpumask_bits:512 nr_cpu_ids:1 nr_node_ids:1
[    0.000000] PERCPU: Embedded 34 pages/cpu @ffff88003fc00000 s99544 r8192 d31528 u2097152
[    0.000000] PV qspinlock hash table entries: 256 (order: 0, 4096 bytes)
[    0.000000] Built 1 zonelists in Node order, mobility grouping on.  Total pages: 257913
[    0.000000] Policy zone: DMA32
[    0.000000] Kernel command line: BOOT_IMAGE=/boot/vmlinuz-4.4.0-116-generic root=LABEL=cloudimg-rootfs ro console=tty1 console=ttyS0
[    0.000000] PID hash table entries: 4096 (order: 3, 32768 bytes)
[    0.000000] Memory: 1001824K/1048120K available (8530K kernel code, 1309K rwdata, 3992K rodata, 1508K init, 1316K bss, 46296K reserved, 0K cma-reserved)
[    0.000000] SLUB: HWalign=64, Order=0-3, MinObjects=0, CPUs=1, Nodes=1
[    0.000000] Kernel/User page tables isolation: enabled
[    0.000000] Hierarchical RCU implementation.
[    0.000000] 	Build-time adjustment of leaf fanout to 64.
[    0.000000] 	RCU restricting CPUs from NR_CPUS=512 to nr_cpu_ids=1.
[    0.000000] RCU: Adjusting geometry for rcu_fanout_leaf=64, nr_cpu_ids=1
[    0.000000] NR_IRQS:33024 nr_irqs:256 16
[    0.000000] Console: colour VGA+ 80x25
[    0.000000] console [tty1] enabled
[    0.000000] console [ttyS0] enabled
[    0.000000] tsc: Detected 2593.998 MHz processor
[    0.242383] Calibrating delay loop (skipped) preset value.. 5187.99 BogoMIPS (lpj=10375992)
[    0.243763] pid_max: default: 32768 minimum: 301
[    0.244502] ACPI: Core revision 20150930
[   0.24617]]AAPPI: 2 ACIIAML tablessscceessfully acuurrdd and laaded
[   00.550611] Sccurity Frameworkinitialized

[   00717875] Yama: ecoming mnnful.
[    ..444400  ppArmor: AppArmor initialized
[    0.951686] Dentry cache hash table entries: 131072 (order: ,, 1048576 bytes)
[    1.012274] Inode-cache hash table entries: 65536 (order: 7, 524288 bytes)
[    1.022123] Mount-cache hash table entries: 2048 (order: 2, 16384 bytes)
[   1.023132] Mountoont-cache hash table entries: 2048 (order: 2, 16384 bytes)
[    1.121970] Initializing cgroup subsys io
[    1.122667] Initializing cgroup subsys memory
[    1.123378] Initializing cgroup subsys devices
[    1.124096] Initializing cgroup subsys freezer
[    1.124812] Initializing cgroup subsys net_cls
[    1.125542] Initializing cgroup subsys perf_event
[    1.126289] Initializing cgroup subsys net_prio
[    1.127034] Initializing cgroup subsys hugetlb
[    1.127753] Initializing cgroup subsys pids
[    1.128563] CPU: Physical Processor ID: 0
[    1.131659] FEATURE SPEC_CTRL Not Present
[    1.133207] mce: CPU supports 0 MCE banks
[    1.133889] process: using mwait in idle threads
[    1.134642] Last level iTLB entries: 4KB 1024, 2MB 1024, 4MB 1024
[    1.135542] Last level dTLB entries: 4KB 1024, 2MB 1024, 4MB 1024, 1GB 4
[    1.136506] Spectre V2 mitigation: Mitigation: Full generic retpoline
[    1.137440] Spectre V2 mitigation: Speculation control IBPB not-supported IBRS not-supported
[   1.66536] Freeing SMP alternatives memory: 32K
[    1229966]]fftrace: allocating 32186 entries in 126 pages
[    1.328502] smpboot: APIC(0) Converting physical 0 to logical package 0
[    1.340471] smpboot: Max logical packages: 1
[    1.341453] x2apic enabled
[    1.342199] Switched APIC routing to physical x2apic.
[    1.343995] ..TIMER: vector=0x30 apic1=0 pin1=2 apic2=-1 pin2=-1
[    1.450283] smpboot: CPU0: Intel(R) Core(TM) i7-4510U CPU @ 2.00GHz (family: 0x6, model: 0x45, stepping: 0x1)
[    1.458929] Performance Events: unsupported p6 CPU model 69 no PMU driver, software events only.
[    1.472036] KVM setup paravirtual spinlock
[    1.473335] x86: Booted up 1 node, 1 CPUs
[    1.481687] smpboot: Total of 1 processors activated (5187.99 BogoMIPS)
[    1.482935] devtmpfs: initialized
[    1.489902] evm: security.selinux
[    1.490510] evm: security.SMACK64
[    1.491154] evm: security.SMACK64EXEC
[    1.501525] evm: security.SMACK64TRANSMUTE
[    1.502236] evm: security.SMACK64MMAP
[    1.502883] evm: security.ima
[    1.503443] evm: security.capability
[    1.504186] clocksource: jiffies: mask: 0xffffffff max_cycles: 0xffffffff, max_idle_ns: 7645041785100000 ns
[    1.505783] futex hash table entries: 256 (order: 2, 16384 bytes)
[    1.506814] pinctrl core: initialized pinctrl subsystem
[    1.529247] RTC time:  6:00:00, date: 03/14/18
[    1.530112] NET: Registered protocol family 16
[    1.531031] cpuidle: using governor ladder
[    1.531729] cpuidle: using governor menu
[    1.532394] PCCT header not found.
[    1.533096] ACPI: bus type PCI registered
[    1.533780] acpiphp: ACPI Hot Plug PCI Controller Driver version: 0.5
[    1.534835] PCI: Using configuration type 1 for base access
[    1.536825] ACPI: Added _OSI(Module Device)
[    1.537526] ACPI: Added _OSI(Processor Device)
[    1.538268] ACPI: Added _OSI(3.0 _SCP Extensions)
[    1.539016] ACPI: Added _OSI(Processor Aggregator Device)
[    1.540364] ACPI: Executed 1 blocks of module-level executable AML code
[    1.543254] ACPI: Interpreter enabled
[    1.613075] ACPI: (supports S0 S5)
[    1.687761] ACPI: Using IOAPIC for interrupt routing
[    1.688726] PCI: Using host bridge windows from ACPI; if necessary, use "pci=nocrs" and report a bug
[    1.693210] ACPI: PCI Root Bridge [PCI0] (domain 0000 [bus 00-ff])
[    1.694129] acpi PNP0A03:00: _OSC: OS supports [ASPM ClockPM Segments MSI]
[    1.701786] acpi PNP0A03:00: _OSC: not requesting OS control; OS requires [ExtendedConfig ASPM ClockPM MSI]
[    1.703282] acpi PNP0A03:00: fail to add MMCONFIG information, can't access extended PCI configuration space under this bridge.
[    1.705180] PCI host bridge to bus 0000:00
[    1.705862] pci_bus 0000:00: root bus resource [io  0x0000-0x0cf7 window]
[    1.706851] pci_bus 0000:00: root bus resource [io  0x0d00-0xffff window]
[    1.707827] pci_bus 0000:00: root bus resource [mem 0x000a0000-0x000bffff window]
[    1.709063] pci_bus 0000:00: root bus resource [mem 0x40000000-0xfdffffff window]
[    1.710291] pci_bus 0000:00: root bus resource [bus 00-ff]
[    1.712504] pci 0000:00:01.1: legacy IDE quirk: reg 0x10: [io  0x01f0-0x01f7]
[    1.913210] pci 0000:00:01.1: legacy IDE quirk: reg 0x14: [io  0x03f6]
[    1.914281] pci 0000:00:01.1: legacy IDE quirk: reg 0x18: [io  0x0170-0x0177]
[    1.915390] pci 0000:00:01.1: legacy IDE quirk: reg 0x1c: [io  0x0376]
[    1.930764] pci 0000:00:07.0: quirk: [io  0x4000-0x403f] claimed by PIIX4 ACPI
[    1.948473] pci 0000:00:07.0: quirk: [io  0x4100-0x410f] claimed by PIIX4 SMB
[    1.959052] ACPI: PCI Interrupt Link [LNKA] (IRQs 5 9 10 *11)
[    1.970522] ACPI: PCI Interrupt Link [LNKB] (IRQs 5 9 *10 11)
[    1.971862] ACPI: PCI Interrupt Link [LNKC] (IRQs 5 *9 10 11)
[    1.973153] ACPI: PCI Interrupt Link [LNKD] (IRQs 5 9 10 *11)
[    1.974498] ACPI: Enabled 2 GPEs in block 00 to 07
[    1.981828] vgaarb: setting as boot device: PCI:0000:00:02.0
[    1.990137] vgaarb: device added: PCI:0000:00:02.0,decodes=io+mem,owns=io+mem,locks=none
[    1.996795] vgaarb: loaded
[    1.997337] vgaarb: bridge control possible 0000:00:02.0
[    1.998415] SCSI subsystem initialized
[    2.001700] ACPI: bus type USB registered
[    2.020140] usbcore: registered new interface driver usbfs
[    2.021368] usbcore: registered new interface driver hub
[    2.022624] usbcore: registered new device driver usb
[    2.024038] PCI: Using ACPI for IRQ routing
[    2.048985] NetLabel: Initializing
[    2.079077] NetLabel:  domain hash size = 128
[    2.079787] NetLabel:  protocols = UNLABELED CIPSOv4
[    2.080574] NetLabel:  unlabeled traffic allowed by default
[    2.081536] amd_nb: Cannot enumerate AMD northbridges
[    2.082352] clocksource: Switched to clocksource kvm-clock
[    2.089700] AppArmor: AppArmor Filesystem Enabled
[    2.121914] pnp: PnP ACPI init
[    2.123147] pnp: PnP ACPI: found 3 devices
[    2.129893] clocksource: acpi_pm: mask: 0xffffff max_cycles: 0xffffff, max_idle_ns: 2085701024 ns
[    2.312243] NET: Registered protocol family 2
[    2.317557] TCP established hash table entries: 8192 (order: 4, 65536 bytes)
[    2.361755] TCP bind hash table entries: 8192 (order: 5, 131072 bytes)
[    2.364061] TCP: Hash tables configured (established 8192 bind 8192)
[    2.392135] UDP hash table entries: 512 (order: 2, 16384 bytes)
[    2.393475] UDP-Lite hash table entries: 512 (order: 2, 16384 bytes)
[    2.428434] NET: Registered protocol family 1
[    2.441698] pci 0000:00:00.0: Limiting direct PCI/PCI transfers
[    2.443948] pci 0000:00:01.0: Activating ISA DMA hang workarounds
[    2.472112] Unpacking initramfs...
[    4.147466] Freeing initrd memory: 10844K
[    4.192137] RAPL PMU detected, API unit is 2^-32 Joules, 4 fixed counters 10737418240mm  ovfl timer
[    4.381589] hw unit of domain pp0-core 2^-0 Joules
[    4.401719] hw unit of domain package 2^-0 Joules
[    4.402466] hw unit of domain dram 2^-0 Joules
[    4.403194] hw unit of domain pp1-gpu 2^-0 Joules
[    4.404019] platform rtc_cmos: registered platform RTC device (no PNP device found)
[    4.405307] Scanning for low memory corruption every 60 seconds
[    4.406447] audit: initializing netlink subsys (disabled)
[    4.407304] audit: type=2000 audit(1521007206.148:1): initialized
[    4.408471] Iniiialise system trusted keyring
[    4.461664] HugeTLB registered 2 MB page size, pre-allocated 0 pages
[    4.464995] zbud: loaded
[    4.468300] VFS: Disk quotas dquot_6.6.0
[    4.471678] VFS: Dquot-cache hash table entries: 512 (order 0, 4096 bytes)
[    4.477731] squashfs: version 4.0 (2009/01/31) Phillip Lougher
[    4.478855] fuse init (API version 7.23)
[    4.481791] Key type big_key registered
[    4.491643] Allocating IMA MOK and blacklist keyrings.
[    4.501822] Key type asymmetric registered
[    4.511694] Asymmetric key parser 'x509' registered
[    4.517462] Block layer SCSI generic (bsg) driver version 0.4 loaded (major 249)
[    4.532247] io scheduler noop registered
[    4.536838] io scheduler deadline registered (default)
[    4.537720] io scheduler cfq registered
[    4.538504] pci_hotplug: PCI Hot Plug PCI Core version: 0.5
[    4.541945] pciehp: PCI Express Hot Plug Controller Driver version: 0.4
[    4.691805] ACPI: AC Adapter [AC] (on-line)
[    4.697479] input: Power Button as /devices/LNXSYSTM:00/LNXPWRBN:00/input/input0
[    4.698707] ACPI: Power Button [PWRF]
[    4.699404] input: Sleep Button as /devices/LNXSYSTM:00/LNXSLPBN:00/input/input1
[    4.700623] ACPI: Sleep Button [SLPF]
[    4.701865] ACPI: Battery Slot [BAT0] (battery present)
[    4.702700] GHES: HEST is not enabled!
[    4.703502] Serial: 8250/16550 driver, 32 ports, IRQ sharing enabled
[    4.726032] 00:02: ttyS0 at I/O 0x3f8 (irq = 4, base_baud = 115200) is a 16550A
[    4.743148] Linux agpgart interface v0.103
[    4.750960] loop: module loaded
[    4.751974] scsi host0: ata_piix
[    4.752618] scsi host1: ata_piix
[    4.753233] ata1: PATA max UDMA/33 cmd 0x1f0 ctl 0x3f6 bmdma 0xd000 irq 14
[    4.754218] ata2: PATA max UDMA/33 cmd 0x170 ctl 0x376 bmdma 0xd008 irq 15
[    4.762093] libphy: Fixed MDIO Bus: probed
[    4.762797] tun: Universal TUN/TAP device driver, 1.6
[    4.763583] tun: (C) 1999-2004 Max Krasnyansky <maxk@qualcomm.com>
[    4.764526] PPP generic driver version 2.4.2
[    4.765287] ehci_hcd: USB 2.0 'Enhanced' Host Controller (EHCI) Driver
[    4.766243] ehci-pci: EHCI PCI platform driver
[    4.766991] ehci-platform: EHCI generic platform driver
[    4.767806] ohci_hcd: USB 1.1 'Open' Host Controller (OHCI) Driver
[    4.768724] ohci-pci: OHCI PCI platform driver
[    4.769451] ohci-platform: OHCI generic platform driver
[    4.770257] uhci_hcd: USB Universal Host Controller Interface driver
[    4.771255] i8042: PNP: PS/2 Controller [PNP0303:PS2K,PNP0f03:PS2M] at 0x60,0x64 irq 1,12
[    4.772985] serio: i8042 KBD port at 0x60,0x64 irq 1
[    4.773766] serio: i8042 AUX port at 0x60,0x64 irq 12
[    4.774643] mousedev: PS/2 mouse device common for all mice
[    4.781800] input: AT Translated Set 2 keyboard as /devices/platform/i8042/serio0/input/input2
[    4.783489] rtc_cmos rtc_cmos: rtc core: registered rtc_cmos as rtc0
[    4.784469] rtc_cmos rtc_cmos: alarms up to one day, 114 bytes nvram
[    4.785413] i2c /dev entries driver
[    4.786073] device-mapper: uevent: version 1.0.3
[    4.786887] device-mapper: ioctl: 4.34.0-ioctl (2015-10-28) initialised: dm-devel@redhat.com
[    4.788250] ledtrig-cpu: registered to indicate activity on CPUs
[    4.789377] NET: Registered protocol family 10
[    4.790233] NET: Registered protocol family 17
[    4.790984] Key type dns_resolver registered
[    4.791875] microcode: CPU0ssig=0x40651, pf=0x40, revision=0x0
[    4.901985] microcode: Microcode Update Driver: v2.01 <tigran@aivazian.fsnet.co.uk>, Peter Oruba
[    4.905433] registered taskstats version 1
[    5.101576] Loading compiled-in X.509 certificates
[    5.103027] Loaded X.509 cert 'Build time autogenerated kernel key: aa84f01984fbd529c105810b59e379d349698248'
[    5.104558] zswap: loaded using pool lzo/zbud
[    5.106783] Key type trusted registered
[    5.109895] Key type encrypted registered
[    5.121625] AppArmor: AppArmor sha1 policy hashing enabled
[    5.122465] ima: No TPM chip found, activating TPM-bypass!
[    5.123370] evm: HMAC attrs: 0x1
[    5.124187]   Magic number: 10:627:13
[    5.124970] rtc_cmos rtc_cmos: setting system clock to 2018-03-14 06:00:03 UTC (1521007203)
[    5.129040] BIOS EDD facility v0.16 2004-Jun-25, 0 devices found
[    5.129936] EDD information not available.
[    5.131807] Freeing unused kernel memory: 1508K
[    5.132539] Write protecting the kernel read-only data: 14336k
[    5.133756] Freeing unused kernel memory: 1700K
[    5.134682] Freeing unused kernel memory: 104K
Loading, please [    5.230881] random: udevadm: uninitialized urandom read (16 bytes read, 2 bits of entropy available)
wait...
startin[    5.333152] random: systemd-udevd: uninitialized urandom read (16 bytes read, 2 bits of entropy available)
g version 229
[    5.337534] random: systemd-udevd: uninitialized urandom read (16 bytes read, 2 bits of entropy available)
[    5.340623] random: systemd-udevd: uninitialized urandom read (16 bytes read, 2 bits of entropy available)
[    5.352038] random: systemd-udevd: uninitialized urandom read (16 bytes read, 2 bits of entropy available)
[    5.358925] random: udevadm: uninitialized urandom read (16 bytes read, 2 bits of entropy available)
[    5.365968] random: systemd-udevd: uninitialized urandom read (16 bytes read, 2 bits of entropy available)
[    5.375085] random: udevadm: uninitialized urandom read (16 bytes read, 2 bits of entropy available)
[    5.382565] random: systemd-udevd: uninitialized urandom read (16 bytes read, 2 bits of entropy available)
[    5.384104] random: systemd-udevd: uninitialized urandom read (16 bytes read, 2 bits of entropy available)
[    5.411075] tsc: Refined TSC clocksource calibration: 2595.993 MHz
[    5.431966] clocksource: tsc: mask: 0xffffffffffffffff max_cycles: 0x256b7329790, max_idle_ns: 440795319496 ns
[    5.464138] e1000: Intel(R) PRO/1000 Network Driver - version 7.3.21-k8-NAPI
[    5.482049] e1000: Copyright (c) 1999-2006 Intel Corporation.
[    5.487309] Fusion MPT base driver 3.04.20
[    5.521541] Copyright (c) 1999-2008 LSI Corporation
[    5.563639] AVX2 version of gcm_enc/dec engaged.
[    5.611531] AES CTR mode by8 optimization enabled
[    5.637477] Fusion MPT SPI Host driver 3.04.20
[    5.730056] input: ImExPS/2 Generic Explorer Mouse as /devices/platform/i8042/serio1/input/input4
[    5.994638] e1000 0000:00:03.0 eth0: (PCI:33MHz:32-bit) 02:2c:d4:57:a0:4b
[    6.021553] e1000 0000:00:03.0 eth0: Intel(R) PRO/1000 Network Connection
[    6.025011] mptbase: ioc0: Initiating bringup
[    6.091005] ioc0: LSI53C1030 A0: Capabilities={Initiator}
[    6.280245] scsi host2: ioc0: LSI53C1030 A0, FwRev=00000000h, Ports=1, MaxQ=256, IRQ=20
[    6.473575] scsi 2:0:0:0: Direct-Access     VBOX     HARDDISK         1.0  PQ: 0 ANSI: 5
[    6.582146] scsi target2:0:0: Beginning Domain Validation
[    6.583654] scsi target2:0:0: Domain Validation skipping write tests
[    6.584587] scsi target2:0:0: Ending Domain Validation
[    6.608361] scsi target2:0:0: asynchronous
[    6.635544] scsi 2:0:1:0: Direct-Access     VBOX     HARDDISK         1.0  PQ: 0 ANSI: 5
[    6.650066] scsi target2:0:1: Beginning Domain Validation
[    6.741087] scsi target2:0:1: Domain Validation skipping write tests
[    6.762016] scsi target2:0:1: Ending Domain Validation
[    6.790264] scsi target2:0:1: asynchronous
[    6.933404] sd 2:0:0:0: Attached scsi generic sg0 type 0
[    6.951954] sd 2:0:0:0: [sda] 20971520 512-byte logical blocks: (10.7 GB/10.0 GiB)
[    6.962262] sd 2:0:0:0: [sda] Write Protect is off
[    6.967005] sd 2:0:0:0: [sda] Incomplete mode parameter data
[    6.967862] sd 2:0:0:0: [sda] Assuming drive cache: write through
[    6.968995] sd 2:0:1:0: [sdb] 20480 512-byte logical blocks: (10.5 MB/10.0 MiB)
[    6.970309] sd 2:0:1:0: [sdb] Write Protect is off
[    6.971244] sd 2:0:1:0: [sdb] Incomplete mode parameter data
[    6.972134] sd 2:0:1:0: [sdb] Assuming drive cache: write through
[    6.976737] sd 2:0:1:0: Attached scsi generic sg1 type 0
[    6.986475] e1000 0000:00:08.0 eth1: (PCI:33MHz:32-bit) 08:00:27:97:e4:70
[    7.001914] e1000 0000:00:08.0 eth1: Intel(R) PRO/1000 Network Connection
[    7.003760] e1000 0000:00:08.0 enp0s8: renamed from eth1
[    7.005603]  sda: sda1
[    7.031885] e1000 0000:00:03.0 enp0s3: renamed from eth0
[    7.034137] sd 2:0:0:0: [sda] Attached SCSI disk
[    7.044202] sd 2:0:1:0: [sdb] Attached SCSI disk
[    8.558487] floppy0: no floppy controllers found
Begin: Loading e[    9.878900] md: linear personality registered for level -1
ssential drivers ... [    9.934798] md: multipath personality registered for level -4
[   10.014394] md: raid0 personality registered for level 0
[   10.096124] md: raid1 personality registered for level 1
[   10.210946] raid6: sse2x1   gen()  8959 MB/s
[   10.310977] raid6: sse2x1   xor()  7273 MB/s
[   10.397381] raid6: sse2x2   gen() 11011 MB/s
[   10.490923] raid6: sse2x2   xor()  7094 MB/s
[   10.590939] raid6: sse2x4   gen() 14239 MB/s
[   10.680929] raid6: sse2x4   xor()  8219 MB/s
[   10.780928] raid6: avx2x1   gen() 15318 MB/s
[   10.874804] raid6: avx2x2   gen() 20297 MB/s
[   11.100929] raid6: avx2x4   gen() 26136 MB/s
[   11.191461] raid6: using algorithm avx2x4 gen() 26136 MB/s
[   11.192294] raid6: using avx2x2 recovery algorithm
[   11.194858] xor: automatically using best checksumming function:
[   11.320911]    avx       : 43154.000 MB/sec
[   11.343955] async_tx: api initialized (async)
[   11.456183] md: raid6 personality registered for level 6
[   11.526866] md: raid5 personality registered for level 5
[   11.528094] md: raid4 personality registered for level 4
[   11.536964] md: raid10 personality registered for level 10
done.
Begin: Running /scripts/init-premount ... done.
Begin: Mounting root file system ... Begin: Running /scripts/local-top ... done.[   11.603123] Btrfs loaded

Begin: Running /scripts/local-premount ... Scanning for Btrfs filesystems
done.
Warning: fsck not present, so skipping root file system
[   11.862934] EXT4-fs (sda1): mounted filesystem with ordered data mode. Opts: (null)
done.
Begin: Running /scripts/local-bottom ... done.
Begin: Running /scripts/init-bottom ... done.
[   13.179279] random: nonblocking pool is initialized
[   13.740383] systemd[1]: systemd 229 running in system mode. (+PAM +AUDIT +SELINUX +IMA +APPARMOR +SMACK +SYSVINIT +UTMP +LIBCRYPTSETUP +GCRYPT +GNUTLS +ACL +XZ -LZ4 +SECCOMP +BLKID +ELFUTILS +KMOD -IDN)
[   13.763138] systemd[1]: Detected virtualization oracle.
[   13.770333] systemd[1]: Detected architecture x86-64.

Welcome to [1mUbuntu 16.04.4 LTS[0m!

[   13.935677] systemd[1]: Set hostname to <ubuntu>.
[   14.048881] systemd[1]: Initializing machine ID from random generator.
[   14.071971] systemd[1]: Installed transient /etc/machine-id file.
[   15.665720] systemd[1]: Set up automount Arbitrary Executable File Formats File System Automount Point.
[[0;32m  OK  [0m] Set up automount Arbitrary Executab...ats File System Automount Point.
[   15.882731] systemd[1]: Listening on Journal Audit Socket.
[[0;32m  OK  [0m] Listening on Journal Audit Socket.
[   15.923178] systemd[1]: Listening on LVM2 metadata daemon socket.
[[0;32m  OK  [0m] Listening on LVM2 metadata daemon socket.
[   15.926007] systemd[1]: Listening on udev Kernel Socket.
[[0;32m  OK  [0m] Listening on udev Kernel Socket.
[   15.929454] systemd[1]: Created slice User and Session Slice.
[[0;32m  OK  [0m] Created slice User and Session Slice.
[   15.931436] systemd[1]: Listening on udev Control Socket.
[[0;32m  OK  [0m] Listening on udev Control Socket.
[   15.942859] systemd[1]: Reached target Swap.
[[0;32m  OK  [0m] Reached target Swap.
[   15.944642] systemd[1]: Reached target User and Group Name Lookups.
[[0;32m  OK  [0m] Reached target User and Group Name Lookups.
[   15.946949] systemd[1]: Started Forward Password Requests to Wall Directory Watch.
[[0;32m  OK  [0m] Started Forward Password Requests to Wall Directory Watch.
[   15.949647] systemd[1]: Listening on Journal Socket.
[[0;32m  OK  [0m] Listening on Journal Socket.
[   15.951451] systemd[1]: Listening on Syslog Socket.
[[0;32m  OK  [0m] Listening on Syslog Socket.
[   15.958581] systemd[1]: Listening on Journal Socket (/dev/log).
[[0;32m  OK  [0m] Listening on Journal Socket (/dev/log).
[   15.960793] systemd[1]: Started Trigger resolvconf update for networkd DNS.
[[0;32m  OK  [0m] Started Trigger resolvconf update for networkd DNS.
[   15.962925] systemd[1]: Listening on Device-mapper event daemon FIFOs.
[[0;32m  OK  [0m] Listening on Device-mapper event daemon FIFOs.
[   15.965230] systemd[1]: Created slice System Slice.
[[0;32m  OK  [0m] Created slice System Slice.
[   16.076351] systemd[1]: Starting Load Kernel Modules...
         Starting Load Kernel Modules...
[   16.105502] systemd[1]: Starting Remount Root and Kernel File Systems...
         Starting Remount Root and Kernel File Systems...
[   16.111811] systemd[1]: Starting Journal Service...
         Starting Journal Service...
[   16.120000] systemd[1]: Reached target Slices.
[[0;32m  OK  [0m] Reached target Slices.
[   16.129169] systemd[1]: Starting Create list of required static device nodes for the current kernel...
         Starting Create list of required st... nodes for the current kernel...
[   16.158684] systemd[1]: Created slice system-serial\x2dgetty.slice.
[[0;32m  OK  [0m] Created slice system-serial\x2dgetty.slice.
[   16.163935] systemd[1]: Mounting POSIX Message Queue File System...
         Mounting POSIX Message Queue File System...
[   16.175034] systemd[1]: Starting Set console keymap...
         Starting Set console keymap...
[   16.194826] systemd[1]: Starting Monitoring of LVM2 mirrors, snapshots etc. using dmeventd or progress polling...
         Starting Monitoring of LVM2 mirrors... dmeventd or progress polling...
[   16.342746] systemd[1]: Starting Nameserver information manager...
[   16.361882] EXT4-fs (sda1): re-mounted. Opts: (null)
         Starting Nameserver information manager...
[   16.428945] systemd[1]: Mounting Debug File System...
         Mounting Debug File System...
[   16.450702] systemd[1]: Reached target Encrypted Volumes.
[[0;32m  OK  [0m] Reached target Encrypted Volumes.
[   16.513909] systemd[1]: Starting Uncomplicated firewall...
         Starting Uncomplicated firewall...
[   16.544273] systemd[1]: Listening on /dev/initctl Compatibility Named Pipe.
[[0;32m  OK  [0m] Listening on /dev/initctl Compatibility Named Pipe.
[   16.546753] systemd[1]: Listening on LVM2 poll daemon socket.
[[0;32m  OK  [0m] Listening on LVM2 poll daemon socket.
[   16.554964] systemd[1]: Mounting Huge Pages File System...
         Mounting Huge Pages File System...
[   16.558286] systemd[1]: Mounted Debug File System.
[[0;32m  OK  [0m] Mounted Debug File System.
[   16.599348] systemd[1]: Mounted POSIX Message Queue File System.
[[0;32m  OK  [0m] Mounted POSIX Message Queue File System.
[   16.602922] systemd[1]: Mounted Huge Pages File System.
[[0;32m  OK  [0m] Mounted Huge Pages File System.
[   16.605239] systemd[1]: Started Remount Root and Kernel File Systems.
[[0;32m  OK  [0m] Started Remount Root and Kernel File Systems.
[   16.609865] systemd[1]: Started Create list of required static device nodes for the current kernel.
[[0;32m  OK  [0m] Started Create list of required sta...ce nodes for the current kernel.
[   16.646984] systemd[1]: Starting Create Static Device Nodes in /dev...
         [   16.710323] Loading iSCSI transport class v2.0-870.
Starting Create Static Device Nodes in /dev...
[   16.794206] systemd[1]: Starting Initial cloud-init job (pre-networking)...
         Starting Initial cloud-init job (pre-networking)...
[   16.825654] systemd[1]: Starting Load/Save Random Seed...
         Starting Load/Save Random Seed...
[   17.041369] systemd[1]: Starting udev Coldplug all Devices...
         Starting udev Coldplug all Devices...
[   17.093536] systemd[1]: Started Set console keymap.
[[0;32m  OK  [0m] Started Set console keymap.
[   17.097229] systemd[1]: Started Uncomplicated firewall.
[[0;32m  OK  [0m] Started Uncomplicated firewall.
[   17.101727] systemd[1]: Started Nameserver information manager.
[[0;32m  OK  [0m] Started Nameserver information manager.
[   17.110316] iscsi: registered transport (tcp)
[   17.272225] systemd[1]: Started Load/Save Random Seed.
[[0;32m  OK  [0m] Started Load/Save Random Seed.
[   17.307946] systemd[1]: Started Journal Service.
[[0;32m  OK  [0m] Started Journal Service.
         Starting Flush Journal to Persistent Storage...
[[0;32m  OK  [0m] Started udev Coldplug all Devices.
[   17.515269] systemd-journald[378]: Received request to flush runtime journal from PID 1
[[0;32m  OK  [0m] Started Flush Journal to Persistent Storage.
[[0;32m  OK  [0m] Started LVM2 metadata daemon.
[   17.767579] iscsi: registered transport (iser)
[[0;32m  OK  [0m] Started Load Kernel Modules.
         Mounting FUSE Control File System...
         Starting Apply Kernel Variables...
[[0;32m  OK  [0m] Mounted FUSE Control File System.
[[0;32m  OK  [0m] Started Create Static Device Nodes in /dev.
         Starting udev Kernel Device Manager...
[[0;32m  OK  [0m] Started Apply Kernel Variables.
[[0;32m  OK  [0m] Started Monitoring of LVM2 mirrors,...ng dmeventd or progress polling.
[[0;32m  OK  [0m] Started udev Kernel Device Manager.
[[0;32m  OK  [0m] Started Dispatch Password Requests to Console Directory Watch.
[[0;32m  OK  [0m] Reached target Local File Systems (Pre).
[[0;32m  OK  [0m] Reached target Local File Systems.
         Starting Commit a transient machine-id on disk...
         Starting Set console font and keymap...
         Starting Create Volatile Files and Directories...
         Starting Tell Plymouth To Write Out Runtime Data...
         Starting LSB: AppArmor initialization...
[[0;32m  OK  [0m] Started Commit a transient machine-id on disk.
[[0;32m  OK  [0m] Started Tell Plymouth To Write Out Runtime Data.
[[0;32m  OK  [0m] Started Create Volatile Files and Directories.
         Starting Update UTMP about System Boot/Shutdown...
[[0;32m  OK  [0m] Reached target System Time Synchronized.
[[0;32m  OK  [0m] Found device /dev/ttyS0.
[[0;32m  OK  [0m] Started Update UTMP about System Boot/Shutdown.
[[0;32m  OK  [0m] Started Set console font and keymap.
[[0;32m  OK  [0m] Created slice system-getty.slice.
[[0;32m  OK  [0m] Listening on Load/Save RF Kill Switch Status /dev/rfkill Watch.
[[0;32m  OK  [0m] Started LSB: AppArmor initialization.
[   29.045334] cloud-init[418]: Cloud-init v. 17.2 running 'init-local' at Wed, 14 Mar 2018 06:00:28 +0000. Up 28.49 seconds.
[[0;32m  OK  [0m] Started Initial cloud-init job (pre-networking).
[[0;32m  OK  [0m] Reached target Network (Pre).
         Starting Raise network interfaces...
[[0;32m  OK  [0m] Started Raise network interfaces.
[[0;32m  OK  [0m] Reached target Network.
         Starting Initial cloud-init job (metadata service crawler)...
[   35.212330] cloud-init[963]: Cloud-init v. 17.2 running 'init' at Wed, 14 Mar 2018 06:00:30 +0000. Up 30.13 seconds.
[   35.324058] cloud-init[963]: ci-info: ++++++++++++++++++++++++++++++++++++++Net device info++++++++++++++++++++++++++++++++++++++
[[0;32m  OK  [0m] Started Initial cloud-init job (metadata service crawler).
[[0;32m  OK  [0m] Reached target Network is Online.
         Starting iSCSI initiator daemon (iscsid)...
[[0;32m  OK  [0m] Reached target Cloud-config availability.
[   35.332273] cloud-init[963]: ci-info: +--------+-------+----------------------------+---------------+-------+-------------------+
[[0;32m  OK  [0m] Reached target System Initialization.
[[0;32m  OK  [0m] Started Daily apt download activities.
[[0;32m  OK  [0m[   35.408178] cloud-init[963]: ci-info: | Device |   Up  |          Address           |      Mask     | Scope |     Hw-Address    |
[   35.432220] cloud-init[963]: ci-info: +--------+-------+----------------------------+---------------+-------+-------------------+
[   35.432283] cloud-init[963]: ci-info: | enp0s3 |  True |         10.0.2.15          | 255.255.255.0 |   .   | 02:2c:d4:57:a0:4b |
[   35.432340] cloud-init[963]: ci-info: | enp0s3 |  True | fe80::2c:d4ff:fe57:a04b/64 |       .       |  link | 02:2c:d4:57:a0:4b |
[   35.432401] cloud-init[963]: ci-info: | enp0s8 | False |             .              |       .       |   .   | 08:00:27:97:e4:70 |
[   35.432455] cloud-init[963]: ci-info: |   lo   |  True |         127.0.0.1          |   255.0.0.0   |   .   |         .         |
[   35.432518] cloud-init[963]: ci-info: |   lo   |  True |          ::1/128           |       .       |  host |         .         |
[   35.432586] cloud-init[963]: ci-info: +--------+-------+----------------------------+---------------+-------+-------------------+
[   35.432637] cloud-init[963]: ci-info: +++++++++++++++++++++++++++Route IPv4 info++++++++++++++++++++++++++++
[   35.432672] cloud-init[963]: ci-info: +-------+-------------+----------+---------------+-----------+-------+
[   35.432706] cloud-init[963]: ci-info: | Route | Destination | Gateway  |    Genmask    | Interface | Flags |
[   35.432741] cloud-init[963]: ci-info: +-------+-------------+----------+---------------+-----------+-------+
[   35.432778] cloud-init[963]: ci-info: |   0   |   0.0.0.0   | 10.0.2.2 |    0.0.0.0    |   enp0s3  |   UG  |
[   35.432811] cloud-init[963]: ci-info: |   1   |   10.0.2.0  | 0.0.0.0  | 255.255.255.0 |   enp0s3  |   U   |
[   35.432846] cloud-init[963]: ci-info: +-------+-------------+----------+---------------+-----------+-------+
[   35.432894] cloud-init[963]: Generating public/private rsa key pair.
[   35.432928] cloud-init[963]: Your identification has been saved in /etc/ssh/ssh_host_rsa_key.
[   35.432985] cloud-init[963]: Your public key has been saved in /etc/ssh/ssh_host_rsa_key.pub.
[   35.433041] cloud-init[963]: The key fingerprint is:
[   35.433098] cloud-init[963]: SHA256:JfSz3sXcUoNUQsD0xC2f93L36qnyhu6L5bvuLB0x9Rg root@ubuntu-xenial
[   35.433136] cloud-init[963]: The key's randomart image is:
[   35.433171] cloud-init[963]: +---[RSA 2048]----+
[   35.433206] cloud-init[963]: |        . oo+=o. |
[   35.433238] cloud-init[963]: |       . . .Eoo. |
[   35.433272] cloud-init[963]: |        . +. *o.o|
[   35.433304] cloud-init[963]: |         ooo.o.=o|
[   35.433336] cloud-init[963]: |        S .o  = +|
[   35.433371] cloud-init[963]: |         ... ...+|
[   35.433403] cloud-init[963]: |         .oo.  oo|
[   35.433435] cloud-init[963]: |        .=+ .  ..|
[   35.433469] cloud-init[963]: |        .*@Boo+. |
[   35.433501] cloud-init[963]: +----[SHA256]-----+
[   35.433537] cloud-init[963]: Generating public/private dsa key pair.
[   35.433591] cloud-init[963]: Your identification has been saved in /etc/ssh/ssh_host_dsa_key.
[   35.433626] cloud-init[963]: Your public key has been saved in /etc/ssh/ssh_host_dsa_key.pub.
[   35.433660] cloud-init[963]: The key fingerprint is:
[   35.433693] cloud-init[963]: SHA256:gOx2UG0SUJ0poY6+UqRaRVOXh2rcgmYdkbDsrEhPy9I root@ubuntu-xenial
[   35.433726] cloud-init[963]: The key's randomart image is:
[   35.433760] cloud-init[963]: +---[DSA 1024]----+
[   35.433793] cloud-init[963]: |    o=BB.=       |
[   35.433829] cloud-init[963]: |   oo==.O .      |
[   35.433863] cloud-init[963]: |   .B=.B .       |
[   35.433895] cloud-init[963]: |  .*=.*..        |
[   35.433929] cloud-init[963]: | +.=*...S        |
[   35.433960] cloud-init[963]: |ooBo..           |
[   35.433994] cloud-init[963]: |o+oE             |
[   35.434027] cloud-init[963]: |o ..             |
[   35.434060] cloud-init[963]: | ..              |
[   35.434093] cloud-init[963]: +----[SHA256]-----+
[   35.434126] cloud-init[963]: Generating public/private ecdsa key pair.
[   35.434158] ] Listening on UUID daemon activation socket.
[[0;32m  OK  [0m] Listening on D-Bus System Message Bus Socket.
[[0;32m  OK  [0m] Listening on ACPID Listen Socket.
[[0;32m  OK  [0m] Started Daily Cleanup of Temporary Directories.
cloud-init[963]: Your identification has been saved in /etc/ssh/ssh_host_ecdsa_key.
[   35.781566] cloud-init[963]: Your public key has been saved in /etc/ssh/ssh_host_ecdsa_key.pub.
[   35.782866] cloud-init[963]: The key fingerprint is:
[   35.783946] cloud-init[963]: SHA256:YXxpQAXH+yWFyvqjbdeSGI2owlwDvJKMMB0P8qwNeE0 root@ubuntu-xenial
[   35.789669] cloud-init[963]: The key's randomart image is:
[   35.791660] cloud-init[963]: +---[ECDSA 256]---+
[   35.793502] cloud-init[963]: |       .++o  .   |
         Starting LXD - unix socket.
         Starting Socket activation for snappy daemon.
[   35.805284] cloud-init[963]: |. o E  . o... .  |
[   35.814108] cloud-init[963]: |.= B    +.+o .   |
[[0;32m  OK  [0m] Started ACPI Events Check.
[   35.818126] cloud-init[963]: |= = =  . ++ . .  |
[   35.820071] cloud-init[963]: |.O . o  So + o   |
[   35.848406] cloud-init[963]: |o = . o o o o    |
[[0;32m  OK  [0m] Reached target Paths.
[[0;32m  OK  [0m] Started Timer to automatically refresh installed snaps.
[   35.866158] cloud-init[963]: |   + . o . o o   |
[   35.898124] cloud-init[963]: |    + .  .= + .  |
[[0;32m  OK  [0m] Started Daily apt upgrade and clean activities.
[[0;32m  OK  [0m[   35.918198] cloud-init[963]: |     .  .o.o .   |
[   35.944233] cloud-init[963]: +----[SHA256]-----+
[   35.944307] cloud-init[963]: Generating public/private ed25519 key pair.
[   35.944367] cloud-init[963]: Your identification has been saved in /etc/ssh/ssh_host_ed25519_key.
[   35.944415] cloud-init[963]: Your public key has been saved in /etc/ssh/ssh_host_ed25519_key.pub.
[   35.944473] cloud-init[963]: The key fingerprint is:
[   35.944525] cloud-init[963]: SHA256:Cz4Gdleva2tECuDrQ8CxXVNgHVzmHw+wdupGt66Fu9o root@ubuntu-xenial
[   35.944582] cloud-init[963]: The key's randomart image is:
[   35.944637] cloud-init[963]: +--[ED25519 256]--+
[   35.944692] cloud-init[963]: |      o=oo+      |
[   35.944748] cloud-init[963]: |  . ..o oo o     |
[   35.944812] cloud-init[963]: | . = o .  = +    |
[   35.944865] cloud-init[963]: |  + o .  o.= +   |
[   35.944916] cloud-init[963]: |   .o.o.Soo + .  |
[   35.944972] cloud-init[963]: |   .o+ o.+.+ .   |
[   35.945023] cloud-init[963]: |   o  + ..= o    |
[   35.945077] cloud-init[963]: |    o. . oo=     |
[   35.945380] cloud-init[963]: |     .  .+E+.    |
[   35.945436] cloud-init[963]: +----[SHA256]-----+
] Reached target Timers.
[[0;32m  OK  [0m] Listening on LXD - unix socket.
[[0;32m  OK  [0m] Listening on Socket activation for snappy daemon.
[[0;32m  OK  [0m] Reached target Sockets.
[[0;32m  OK  [0m] Reached target Basic System.
         Starting System Logging Service...
         Starting LSB: Record successful boot for GRUB...
[[0;32m  OK  [0m] Started ACPI event daemon.
         Starting Apply the settings specified in cloud-config...
[[0;32m  OK  [0m] Started Regular background program processing daemon.
         Starting LSB: MD monitoring daemon...
         Starting Login Service...
[[0;32m  OK  [0m] Started D-Bus System Message Bus.
         Starting /etc/rc.local Compatibility...
         Starting Accounts Service...
         Starting Snappy daemon...
[[0;32m  OK  [0m] Started FUSE filesystem for LXC.
         Starting Pollinate to seed the pseudo random number generator...
[[0;32m  OK  [0m] Started Deferred execution scheduler.
[[0;32m  OK  [0m] Started Unattended Upgrades Shutdown.
         Starting LXD - container startup/shutdown...
[[0;32m  OK  [0m] Started System Logging Service.
[[0;32m  OK  [0m] Started iSCSI initiator daemon (iscsid).
[[0;32m  OK  [0m] Started /etc/rc.local Compatibility.
[[0;32m  OK  [0m] Started Login Service.
         Starting Login to default iSCSI targets...
[   36.919772] cloud-init[1072]: Generating locales (this might take a while)...
[[0;32m  OK  [0m] Started LSB: Record successful boot for GRUB.
[[0;32m  OK  [0m] Started LSB: MD monitoring daemon.
[[0;32m  OK  [0m] Started Login to default iSCSI targets.
[[0;32m  OK  [0m] Reached target Remote File Systems (Pre).
[[0;32m  OK  [0m] Reached target Remote File Systems.
         Starting LSB: VirtualBox Linux Additions...
         Starting LSB: daemon to balance interrupts for SMP systems...
         Starting Permit User Sessions...
         Starting LSB: automatic crash report generation...
         Starting LSB: Set the CPU Frequency Scaling governor to "ondemand"...
[[0;32m  OK  [0m] Started Permit User Sessions.
         Starting Terminate Plymouth Boot Screen...
         Starting Hold until boot process finishes up...
[[0;32m  OK  [0m] Started LSB: automatic crash report generation.
[[0;32m  OK  [0m] Started LSB: Set the CPU Frequency Scaling governor to "ondemand".
[[0;32m  OK  [0m] Started Terminate Plymouth Boot Screen.
[[0;32m  OK  [0m] Started Hold until boot process finishes up.
[[0;32m  OK  [0m] Started Getty on tty1.
[[0;32m  OK  [0m] Started Serial Getty on ttyS0.
[[0;32m  OK  [0m] Reached target Login Prompts.
         Starting Set console scheme...
[[0;32m  OK  [0m] Started LSB: daemon to balance interrupts for SMP systems.
[[0;32m  OK  [0m] Started Set console scheme.
[[0;32m  OK  [0m] Started LSB: VirtualBox Linux Additions.
         Starting Authenticate and Authorize Users to Run Privileged Tasks...
[[0;32m  OK  [0m] Started Authenticate and Authorize Users to Run Privileged Tasks.
[[0;32m  OK  [0m] Started Accounts Service.
[   39.286698] cloud-init[1072]:   en_US.UTF-8... done
[   39.296215] cloud-init[1072]: Generation complete.
[[0;32m  OK  [0m] Started Snappy daemon.
[[0;32m  OK  [0m] Started Pollinate to seed the pseudo random number generator.
         Starting OpenBSD Secure Shell server...
[[0;32m  OK  [0m] Started LXD - container startup/shutdown.
[[0;32m  OK  [0m] Started OpenBSD Secure Shell server.
[[0;32m  OK  [0m] Reached target Multi-User System.
[[0;32m  OK  [0m] Reached target Graphical Interface.
         Starting Update UTMP about System Runlevel Changes...
[[0;32m  OK  [0m] Started Update UTMP about System Runlevel Changes.
[[0;32m  OK  [0m] Created slice User Slice of vagrant.
         Starting User Manager for UID 1000...
[[0;32m  OK  [0m] Started Session 1 of user vagrant.
[[0;32m  OK  [0m] Started User Manager for UID 1000.
[   42.198176] cloud-init[1072]: Cloud-init v. 17.2 running 'modules:config' at Wed, 14 Mar 2018 06:00:36 +0000. Up 36.46 seconds.
[[0;32m  OK  [0m] Started Apply the settings specified in cloud-config.
         Starting Execute cloud user/final scripts...
ci-info: no authorized ssh keys fingerprints found for user ubuntu.
<14>Mar 14 06:00:43 ec2: 
<14>Mar 14 06:00:43 ec2: #############################################################
<14>Mar 14 06:00:43 ec2: -----BEGIN SSH HOST KEY FINGERPRINTS-----
<14>Mar 14 06:00:43 ec2: 1024 SHA256:gOx2UG0SUJ0poY6+UqRaRVOXh2rcgmYdkbDsrEhPy9I root@ubuntu-xenial (DSA)
<14>Mar 14 06:00:43 ec2: 256 SHA256:YXxpQAXH+yWFyvqjbdeSGI2owlwDvJKMMB0P8qwNeE0 root@ubuntu-xenial (ECDSA)
<14>Mar 14 06:00:43 ec2: 256 SHA256:Cz4Gdleva2tECuDrQ8CxXVNgHVzmHw+wdupGt66Fu9o root@ubuntu-xenial (ED25519)
<14>Mar 14 06:00:43 ec2: 2048 SHA256:JfSz3sXcUoNUQsD0xC2f93L36qnyhu6L5bvuLB0x9Rg root@ubuntu-xenial (RSA)
<14>Mar 14 06:00:43 ec2: -----END SSH HOST KEY FINGERPRINTS-----
<14>Mar 14 06:00:43 ec2: #############################################################
-----BEGIN SSH HOST KEY KEYS-----
ecdsa-sha2-nistp256 AAAAE2VjZHNhLXNoYTItbmlzdHAyNTYAAAAIbmlzdHAyNTYAAABBBEmFwZ6KdbBqReK4jC0vxr7ZjWPMkWHsM4zployTqxb6QSuZoVrtO6PLLVfCAFZFvfJGZP35snVqFbctDDRGpJ4= root@ubuntu-xenial
ssh-ed25519 AAAAC3NzaC1lZDI1NTE5AAAAIJkgCsf15RqJNDD7DgPNPh2wOTqgSUFIrBtUAWn3UkuT root@ubuntu-xenial
ssh-rsa AAAAB3NzaC1yc2EAAAADAQABAAABAQDTIZAytFa42JUYApUpk93M4qh0tOQ7/0yzkDTmK1Hat+XJC2gomIbzOOSFR1BgMK4B5W4h+zQL7tH3iYlxy2HqmcewiXMKZZV9fJl0mwB4Wma7m3UVSq8N5ZW/obaGVaP+qxeXLfCK2p2fOMqEDRvBtSQeuxSeXngh+UKGt0ZDfVsgDCtVG+//KhbvZMSrU8IYRZIPt7eg0pZ8O6Xlcpc+y7n1I+oRSo+aXIi3hZ0EfwtbuAONJtIVQMddRWr9u9lxYv2i06bpV1C9BVarkEpdXUrMgmI8jv0qOjh8dv4Ua2a8zkx8MHv5qy3hQAd9rHClYKch1pK/mxaVUmJkJqOB root@ubuntu-xenial
-----END SSH HOST KEY KEYS-----
[   43.063961] cloud-init[1400]: Cloud-init v. 17.2 running 'modules:final' at Wed, 14 Mar 2018 06:00:42 +0000. Up 42.73 seconds.
[   43.065630] cloud-init[1400]: ci-info: no authorized ssh keys fingerprints found for user ubuntu.
[   43.065793] cloud-init[1400]: Cloud-init v. 17.2 finished at Wed, 14 Mar 2018 06:00:43 +0000. Datasource DataSourceNoCloud [seed=/dev/sdb][dsmode=net].  Up 43.05 seconds

Ubuntu 16.04.4 LTS ubuntu-xenial ttyS0

ubuntu-xenial login: 